--- tbxmanager show sources 
Active sources:

http://www.tbxmanager.com/package/index.xml
--- tbxmanager sh so 
Active sources:

http://www.tbxmanager.com/package/index.xml
